error: module `time` has no `from_duration`
  --> main.plumb:43:21
   |
43 |       timeout: time.from_duration(timeout_sec),
   |                     ^^^^^^^^^^^^^
error: `Response` has no method `header`
  --> main.plumb:63:26
   |
63 |       let location = res.header("location")
   |                          ^^^^^^
error: unknown name `loc`
  --> main.plumb:66:59
   |
66 |         current_url = url.resolve(current_url, reference: loc)
   |                                                           ^^^
error: unknown name `process`
  --> main.plumb:93:5
   |
93 |     process.exit(64)
   |     ^^^^^^^
   = help: add `import process` at the top of the file
error: unknown name `process`
  --> main.plumb:98:5
   |
98 |     process.exit(64)
   |     ^^^^^^^
   = help: add `import process` at the top of the file
error: unknown name `process`
  --> main.plumb:107:7
    |
107 |       process.exit(2)
    |       ^^^^^^^
    = help: add `import process` at the top of the file
error: unknown name `process`
  --> main.plumb:153:5
    |
153 |     process.exit(0)
    |     ^^^^^^^
    = help: add `import process` at the top of the file
error: unknown name `process`
  --> main.plumb:155:5
    |
155 |     process.exit(1)
    |     ^^^^^^^
    = help: add `import process` at the top of the file
8 error(s)
