error: `int_to_hex` must return a `String` at the end
  --> main.plumb:87:33
   |
87 | fn int_to_hex(n: Int) -> String {
   |                                 ^
   = help: add `return ...` as the last line
error: `??` needs a value that may be missing, but this is a `Value`
  --> main.plumb:137:11
    |
137 |   let v = val ?? json.Value.Null
    |           ^^^
    = help: remove `?? ...`
error: can't change `pairs`: it's declared with `let`
  --> main.plumb:167:7
    |
167 |       pairs.append("\"${entry.key}\":${encode_value(entry.value)}")
    |       ^^^^^
    = help: declare it with `var pairs = ...`
error: there is no `+` on text
  --> main.plumb:197:5
    |
197 |     result += escaped
    |     ^^^^^^
    = help: use interpolation: `"${a}${b}"`, or `parts.join("")`
error: there is no `+` on text
  --> main.plumb:199:3
    |
199 |   result += "\""
    |   ^^^^^^
    = help: use interpolation: `"${a}${b}"`, or `parts.join("")`
error: fields of `Object` are passed by name
  --> main.plumb:228:28
    |
228 |   return json.Value.Object(result)
    |                            ^^^^^^
    = help: write `fields: …`
6 error(s)
