error: unknown name `process`
  --> main.plumb:56:5
   |
56 |     process.exit(2)
   |     ^^^^^^^
   = help: add `import process` at the top of the file
error: unknown name `process`
  --> main.plumb:60:5
   |
60 |     process.exit(2)
   |     ^^^^^^^
   = help: add `import process` at the top of the file
error: unknown name `process`
  --> main.plumb:69:5
   |
69 |     process.exit(2)
   |     ^^^^^^^
   = help: add `import process` at the top of the file
error: `accept` has 3 or more parameters: name every argument after the first
  --> main.plumb:118:45
    |
118 |   router.post("/events", req => accept(req, store, jobs))
    |                                             ^^^^^
    = help: write (…, store: …, jobs: …)
error: unknown type `Unit`
  --> main.plumb:205:26
    |
205 |   var workers: List<Task<Unit>> = []
    |                          ^^^^
    = help: use no `->` at all
5 error(s)
